Zig Zag Typesense Fix - 2025-03-29T13:22:08.732Z

Initialized log file at ./zigzag-typesense-fix.log
================================================================================
Starting Zig Zag Fix with Typesense Direct Update
================================================================================
================================================================================
Finding Product in Typesense
================================================================================
Search parameters: {"q":"zig-zag","query_by":"slug","filter_by":"slug:=zig-zag","per_page":1}
Product found: Zig Zag
Product ID: 25093
================================================================================
Generating Variations
================================================================================
Generated 18 variations
Black/Size 3 variation:
ID: 25093-1
Stock status: instock
Stock quantity: 1
================================================================================
Updating Product in Typesense
================================================================================
Update result: {"attributes":[{"id":1,"name":"Color","options":["Black","Olive","Tan"],"variation":true},{"id":2,"name":"Size","options":["3","4","5","6","7","8"],"variation":true}],"attributes_json":"[{\"id\":1,\"name\":\"Color\",\"variation\":true,\"options\":[\"Black\",\"Olive\",\"Tan\"]},{\"id\":2,\"name\":\"Size\",\"variation\":true,\"options\":[\"3\",\"4\",\"5\",\"6\",\"7\",\"8\"]}]","brand":"ALL","catalog_visibility":"visible","categories":["ALL","Boots"],"colors":["Black","Olive","Tan"],"description":"","featured":false,"id":"25093","image_alt":"Zig Zag","image_url":"https://wp.exoticshoes.co.za/wp-content/uploads/2024/06/IMG-20240603-WA0082.jpg","is_on_sale":false,"name":"Zig Zag","on_sale":false,"price":380,"regular_price":0,"short_description":"","sizes":["3","4","5","6","7","8"],"slug":"zig-zag","status":"publish","stock_quantity":0,"stock_status":"instock","tags":[],"type":"VARIABLE","variations":[{"attributes":[{"name":"Color","option":"Black"},{"name":"Size","option":"3"}],"id":"25093-1","price":3090,"regular_price":3090,"sale_price":null,"stock_quantity":1,"stock_status":"instock"},{"attributes":[{"name":"Color","option":"Black"},{"name":"Size","option":"4"}],"id":"25093-2","price":3090,"regular_price":3090,"sale_price":null,"stock_quantity":0,"stock_status":"outofstock"},{"attributes":[{"name":"Color","option":"Black"},{"name":"Size","option":"5"}],"id":"25093-3","price":3090,"regular_price":3090,"sale_price":null,"stock_quantity":0,"stock_status":"outofstock"},{"attributes":[{"name":"Color","option":"Black"},{"name":"Size","option":"6"}],"id":"25093-4","price":3090,"regular_price":3090,"sale_price":null,"stock_quantity":0,"stock_status":"outofstock"},{"attributes":[{"name":"Color","option":"Black"},{"name":"Size","option":"7"}],"id":"25093-5","price":3090,"regular_price":3090,"sale_price":null,"stock_quantity":0,"stock_status":"outofstock"},{"attributes":[{"name":"Color","option":"Black"},{"name":"Size","option":"8"}],"id":"25093-6","price":3090,"regular_price":3090,"sale_price":null,"stock_quantity":0,"stock_status":"outofstock"},{"attributes":[{"name":"Color","option":"Olive"},{"name":"Size","option":"3"}],"id":"25093-7","price":3090,"regular_price":3090,"sale_price":null,"stock_quantity":0,"stock_status":"outofstock"},{"attributes":[{"name":"Color","option":"Olive"},{"name":"Size","option":"4"}],"id":"25093-8","price":3090,"regular_price":3090,"sale_price":null,"stock_quantity":0,"stock_status":"outofstock"},{"attributes":[{"name":"Color","option":"Olive"},{"name":"Size","option":"5"}],"id":"25093-9","price":3090,"regular_price":3090,"sale_price":null,"stock_quantity":0,"stock_status":"outofstock"},{"attributes":[{"name":"Color","option":"Olive"},{"name":"Size","option":"6"}],"id":"25093-10","price":3090,"regular_price":3090,"sale_price":null,"stock_quantity":0,"stock_status":"outofstock"},{"attributes":[{"name":"Color","option":"Olive"},{"name":"Size","option":"7"}],"id":"25093-11","price":3090,"regular_price":3090,"sale_price":null,"stock_quantity":0,"stock_status":"outofstock"},{"attributes":[{"name":"Color","option":"Olive"},{"name":"Size","option":"8"}],"id":"25093-12","price":3090,"regular_price":3090,"sale_price":null,"stock_quantity":0,"stock_status":"outofstock"},{"attributes":[{"name":"Color","option":"Tan"},{"name":"Size","option":"3"}],"id":"25093-13","price":3090,"regular_price":3090,"sale_price":null,"stock_quantity":0,"stock_status":"outofstock"},{"attributes":[{"name":"Color","option":"Tan"},{"name":"Size","option":"4"}],"id":"25093-14","price":3090,"regular_price":3090,"sale_price":null,"stock_quantity":0,"stock_status":"outofstock"},{"attributes":[{"name":"Color","option":"Tan"},{"name":"Size","option":"5"}],"id":"25093-15","price":3090,"regular_price":3090,"sale_price":null,"stock_quantity":0,"stock_status":"outofstock"},{"attributes":[{"name":"Color","option":"Tan"},{"name":"Size","option":"6"}],"id":"25093-16","price":3090,"regular_price":3090,"sale_price":null,"stock_quantity":0,"stock_status":"outofstock"},{"attributes":[{"name":"Color","option":"Tan"},{"name":"Size","option":"7"}],"id":"25093-17","price":3090,"regular_price":3090,"sale_price":null,"stock_quantity":0,"stock_status":"outofstock"},{"attributes":[{"name":"Color","option":"Tan"},{"name":"Size","option":"8"}],"id":"25093-18","price":3090,"regular_price":3090,"sale_price":null,"stock_quantity":0,"stock_status":"outofstock"}],"variations_json":"[{\"id\":\"25093-1\",\"attributes\":[{\"name\":\"Color\",\"option\":\"Black\"},{\"name\":\"Size\",\"option\":\"3\"}],\"price\":3090,\"regular_price\":3090,\"sale_price\":null,\"stock_status\":\"instock\",\"stock_quantity\":1},{\"id\":\"25093-2\",\"attributes\":[{\"name\":\"Color\",\"option\":\"Black\"},{\"name\":\"Size\",\"option\":\"4\"}],\"price\":3090,\"regular_price\":3090,\"sale_price\":null,\"stock_status\":\"outofstock\",\"stock_quantity\":0},{\"id\":\"25093-3\",\"attributes\":[{\"name\":\"Color\",\"option\":\"Black\"},{\"name\":\"Size\",\"option\":\"5\"}],\"price\":3090,\"regular_price\":3090,\"sale_price\":null,\"stock_status\":\"outofstock\",\"stock_quantity\":0},{\"id\":\"25093-4\",\"attributes\":[{\"name\":\"Color\",\"option\":\"Black\"},{\"name\":\"Size\",\"option\":\"6\"}],\"price\":3090,\"regular_price\":3090,\"sale_price\":null,\"stock_status\":\"outofstock\",\"stock_quantity\":0},{\"id\":\"25093-5\",\"attributes\":[{\"name\":\"Color\",\"option\":\"Black\"},{\"name\":\"Size\",\"option\":\"7\"}],\"price\":3090,\"regular_price\":3090,\"sale_price\":null,\"stock_status\":\"outofstock\",\"stock_quantity\":0},{\"id\":\"25093-6\",\"attributes\":[{\"name\":\"Color\",\"option\":\"Black\"},{\"name\":\"Size\",\"option\":\"8\"}],\"price\":3090,\"regular_price\":3090,\"sale_price\":null,\"stock_status\":\"outofstock\",\"stock_quantity\":0},{\"id\":\"25093-7\",\"attributes\":[{\"name\":\"Color\",\"option\":\"Olive\"},{\"name\":\"Size\",\"option\":\"3\"}],\"price\":3090,\"regular_price\":3090,\"sale_price\":null,\"stock_status\":\"outofstock\",\"stock_quantity\":0},{\"id\":\"25093-8\",\"attributes\":[{\"name\":\"Color\",\"option\":\"Olive\"},{\"name\":\"Size\",\"option\":\"4\"}],\"price\":3090,\"regular_price\":3090,\"sale_price\":null,\"stock_status\":\"outofstock\",\"stock_quantity\":0},{\"id\":\"25093-9\",\"attributes\":[{\"name\":\"Color\",\"option\":\"Olive\"},{\"name\":\"Size\",\"option\":\"5\"}],\"price\":3090,\"regular_price\":3090,\"sale_price\":null,\"stock_status\":\"outofstock\",\"stock_quantity\":0},{\"id\":\"25093-10\",\"attributes\":[{\"name\":\"Color\",\"option\":\"Olive\"},{\"name\":\"Size\",\"option\":\"6\"}],\"price\":3090,\"regular_price\":3090,\"sale_price\":null,\"stock_status\":\"outofstock\",\"stock_quantity\":0},{\"id\":\"25093-11\",\"attributes\":[{\"name\":\"Color\",\"option\":\"Olive\"},{\"name\":\"Size\",\"option\":\"7\"}],\"price\":3090,\"regular_price\":3090,\"sale_price\":null,\"stock_status\":\"outofstock\",\"stock_quantity\":0},{\"id\":\"25093-12\",\"attributes\":[{\"name\":\"Color\",\"option\":\"Olive\"},{\"name\":\"Size\",\"option\":\"8\"}],\"price\":3090,\"regular_price\":3090,\"sale_price\":null,\"stock_status\":\"outofstock\",\"stock_quantity\":0},{\"id\":\"25093-13\",\"attributes\":[{\"name\":\"Color\",\"option\":\"Tan\"},{\"name\":\"Size\",\"option\":\"3\"}],\"price\":3090,\"regular_price\":3090,\"sale_price\":null,\"stock_status\":\"outofstock\",\"stock_quantity\":0},{\"id\":\"25093-14\",\"attributes\":[{\"name\":\"Color\",\"option\":\"Tan\"},{\"name\":\"Size\",\"option\":\"4\"}],\"price\":3090,\"regular_price\":3090,\"sale_price\":null,\"stock_status\":\"outofstock\",\"stock_quantity\":0},{\"id\":\"25093-15\",\"attributes\":[{\"name\":\"Color\",\"option\":\"Tan\"},{\"name\":\"Size\",\"option\":\"5\"}],\"price\":3090,\"regular_price\":3090,\"sale_price\":null,\"stock_status\":\"outofstock\",\"stock_quantity\":0},{\"id\":\"25093-16\",\"attributes\":[{\"name\":\"Color\",\"option\":\"Tan\"},{\"name\":\"Size\",\"option\":\"6\"}],\"price\":3090,\"regular_price\":3090,\"sale_price\":null,\"stock_status\":\"outofstock\",\"stock_quantity\":0},{\"id\":\"25093-17\",\"attributes\":[{\"name\":\"Color\",\"option\":\"Tan\"},{\"name\":\"Size\",\"option\":\"7\"}],\"price\":3090,\"regular_price\":3090,\"sale_price\":null,\"stock_status\":\"outofstock\",\"stock_quantity\":0},{\"id\":\"25093-18\",\"attributes\":[{\"name\":\"Color\",\"option\":\"Tan\"},{\"name\":\"Size\",\"option\":\"8\"}],\"price\":3090,\"regular_price\":3090,\"sale_price\":null,\"stock_status\":\"outofstock\",\"stock_quantity\":0}]"}
Successfully updated Zig Zag product with variations data
================================================================================
Verifying Update
================================================================================
Retrieved updated product
✅ Product now has 18 variations
✅ Black/Size 3 variation found in updated product:
ID: 25093-1
Stock status: instock
Stock quantity: 1
================================================================================
Update Complete
================================================================================
The Zig Zag product has been updated with proper variations data
Please check the product page to verify that:
1. The Black/Size 3 variation shows as in stock
2. Other variations show as out of stock
3. You can add the Black/Size 3 variation to your cart
