Zig Zag Variations Rebuild - 2025-03-29T13:08:55.351Z

Initialized log file at ./zigzag-rebuild.log
================================================================================
Starting Zig Zag Variations Rebuild
================================================================================
Target product: zig-zag
================================================================================
1. Fetching Product Data from Typesense
================================================================================
Search parameters: {"q":"zig-zag","query_by":"slug","filter_by":"slug:=zig-zag","per_page":1}
Product found: Zig Zag
Product ID: 25093
================================================================================
2. Creating Variations Data
================================================================================
Creating 18 variations for the product
================================================================================
3. Updating Product in Typesense
================================================================================
Adding variations data to product document
Update result: {"attributes_json":"[{\"id\":2,\"name\":\"Color\",\"slug\":\"pa_color\",\"position\":0,\"visible\":true,\"variation\":true,\"options\":[\"Black\",\"Olive\",\"Tan\"],\"option_ids\":[44,173,154]},{\"id\":3,\"name\":\"Size\",\"slug\":\"pa_size\",\"position\":1,\"visible\":true,\"variation\":true,\"options\":[\"3\",\"4\",\"5\",\"6\",\"7\",\"8\"],\"option_ids\":[156,157,151,152,159,160]}]","brand":"ALL","catalog_visibility":"visible","categories":["ALL","Boots"],"colors":["Black","Olive","Tan"],"description":"","featured":false,"id":"25093","image_alt":"Zig Zag","image_url":"https://wp.exoticshoes.co.za/wp-content/uploads/2024/06/IMG-20240603-WA0082.jpg","is_on_sale":false,"name":"Zig Zag","on_sale":false,"price":380,"regular_price":0,"short_description":"","sizes":["3","4","5","6","7","8"],"slug":"zig-zag","status":"publish","stock_quantity":0,"stock_status":"instock","tags":[],"type":"VARIABLE","variations":[{"attributes":[{"name":"Color","option":"Black"},{"name":"Size","option":"3"}],"id":"25093-1","price":3090,"regular_price":3090,"sale_price":null,"stock_quantity":1,"stock_status":"instock"},{"attributes":[{"name":"Color","option":"Black"},{"name":"Size","option":"4"}],"id":"25093-2","price":3090,"regular_price":3090,"sale_price":null,"stock_quantity":0,"stock_status":"outofstock"},{"attributes":[{"name":"Color","option":"Black"},{"name":"Size","option":"5"}],"id":"25093-3","price":3090,"regular_price":3090,"sale_price":null,"stock_quantity":0,"stock_status":"outofstock"},{"attributes":[{"name":"Color","option":"Black"},{"name":"Size","option":"6"}],"id":"25093-4","price":3090,"regular_price":3090,"sale_price":null,"stock_quantity":0,"stock_status":"outofstock"},{"attributes":[{"name":"Color","option":"Black"},{"name":"Size","option":"7"}],"id":"25093-5","price":3090,"regular_price":3090,"sale_price":null,"stock_quantity":0,"stock_status":"outofstock"},{"attributes":[{"name":"Color","option":"Black"},{"name":"Size","option":"8"}],"id":"25093-6","price":3090,"regular_price":3090,"sale_price":null,"stock_quantity":0,"stock_status":"outofstock"},{"attributes":[{"name":"Color","option":"Olive"},{"name":"Size","option":"3"}],"id":"25093-7","price":3090,"regular_price":3090,"sale_price":null,"stock_quantity":0,"stock_status":"outofstock"},{"attributes":[{"name":"Color","option":"Olive"},{"name":"Size","option":"4"}],"id":"25093-8","price":3090,"regular_price":3090,"sale_price":null,"stock_quantity":0,"stock_status":"outofstock"},{"attributes":[{"name":"Color","option":"Olive"},{"name":"Size","option":"5"}],"id":"25093-9","price":3090,"regular_price":3090,"sale_price":null,"stock_quantity":0,"stock_status":"outofstock"},{"attributes":[{"name":"Color","option":"Olive"},{"name":"Size","option":"6"}],"id":"25093-10","price":3090,"regular_price":3090,"sale_price":null,"stock_quantity":0,"stock_status":"outofstock"},{"attributes":[{"name":"Color","option":"Olive"},{"name":"Size","option":"7"}],"id":"25093-11","price":3090,"regular_price":3090,"sale_price":null,"stock_quantity":0,"stock_status":"outofstock"},{"attributes":[{"name":"Color","option":"Olive"},{"name":"Size","option":"8"}],"id":"25093-12","price":3090,"regular_price":3090,"sale_price":null,"stock_quantity":0,"stock_status":"outofstock"},{"attributes":[{"name":"Color","option":"Tan"},{"name":"Size","option":"3"}],"id":"25093-13","price":3090,"regular_price":3090,"sale_price":null,"stock_quantity":0,"stock_status":"outofstock"},{"attributes":[{"name":"Color","option":"Tan"},{"name":"Size","option":"4"}],"id":"25093-14","price":3090,"regular_price":3090,"sale_price":null,"stock_quantity":0,"stock_status":"outofstock"},{"attributes":[{"name":"Color","option":"Tan"},{"name":"Size","option":"5"}],"id":"25093-15","price":3090,"regular_price":3090,"sale_price":null,"stock_quantity":0,"stock_status":"outofstock"},{"attributes":[{"name":"Color","option":"Tan"},{"name":"Size","option":"6"}],"id":"25093-16","price":3090,"regular_price":3090,"sale_price":null,"stock_quantity":0,"stock_status":"outofstock"},{"attributes":[{"name":"Color","option":"Tan"},{"name":"Size","option":"7"}],"id":"25093-17","price":3090,"regular_price":3090,"sale_price":null,"stock_quantity":0,"stock_status":"outofstock"},{"attributes":[{"name":"Color","option":"Tan"},{"name":"Size","option":"8"}],"id":"25093-18","price":3090,"regular_price":3090,"sale_price":null,"stock_quantity":0,"stock_status":"outofstock"}],"variations_json":"[{\"id\":\"25093-1\",\"attributes\":[{\"name\":\"Color\",\"option\":\"Black\"},{\"name\":\"Size\",\"option\":\"3\"}],\"price\":3090,\"regular_price\":3090,\"sale_price\":null,\"stock_status\":\"instock\",\"stock_quantity\":1},{\"id\":\"25093-2\",\"attributes\":[{\"name\":\"Color\",\"option\":\"Black\"},{\"name\":\"Size\",\"option\":\"4\"}],\"price\":3090,\"regular_price\":3090,\"sale_price\":null,\"stock_status\":\"outofstock\",\"stock_quantity\":0},{\"id\":\"25093-3\",\"attributes\":[{\"name\":\"Color\",\"option\":\"Black\"},{\"name\":\"Size\",\"option\":\"5\"}],\"price\":3090,\"regular_price\":3090,\"sale_price\":null,\"stock_status\":\"outofstock\",\"stock_quantity\":0},{\"id\":\"25093-4\",\"attributes\":[{\"name\":\"Color\",\"option\":\"Black\"},{\"name\":\"Size\",\"option\":\"6\"}],\"price\":3090,\"regular_price\":3090,\"sale_price\":null,\"stock_status\":\"outofstock\",\"stock_quantity\":0},{\"id\":\"25093-5\",\"attributes\":[{\"name\":\"Color\",\"option\":\"Black\"},{\"name\":\"Size\",\"option\":\"7\"}],\"price\":3090,\"regular_price\":3090,\"sale_price\":null,\"stock_status\":\"outofstock\",\"stock_quantity\":0},{\"id\":\"25093-6\",\"attributes\":[{\"name\":\"Color\",\"option\":\"Black\"},{\"name\":\"Size\",\"option\":\"8\"}],\"price\":3090,\"regular_price\":3090,\"sale_price\":null,\"stock_status\":\"outofstock\",\"stock_quantity\":0},{\"id\":\"25093-7\",\"attributes\":[{\"name\":\"Color\",\"option\":\"Olive\"},{\"name\":\"Size\",\"option\":\"3\"}],\"price\":3090,\"regular_price\":3090,\"sale_price\":null,\"stock_status\":\"outofstock\",\"stock_quantity\":0},{\"id\":\"25093-8\",\"attributes\":[{\"name\":\"Color\",\"option\":\"Olive\"},{\"name\":\"Size\",\"option\":\"4\"}],\"price\":3090,\"regular_price\":3090,\"sale_price\":null,\"stock_status\":\"outofstock\",\"stock_quantity\":0},{\"id\":\"25093-9\",\"attributes\":[{\"name\":\"Color\",\"option\":\"Olive\"},{\"name\":\"Size\",\"option\":\"5\"}],\"price\":3090,\"regular_price\":3090,\"sale_price\":null,\"stock_status\":\"outofstock\",\"stock_quantity\":0},{\"id\":\"25093-10\",\"attributes\":[{\"name\":\"Color\",\"option\":\"Olive\"},{\"name\":\"Size\",\"option\":\"6\"}],\"price\":3090,\"regular_price\":3090,\"sale_price\":null,\"stock_status\":\"outofstock\",\"stock_quantity\":0},{\"id\":\"25093-11\",\"attributes\":[{\"name\":\"Color\",\"option\":\"Olive\"},{\"name\":\"Size\",\"option\":\"7\"}],\"price\":3090,\"regular_price\":3090,\"sale_price\":null,\"stock_status\":\"outofstock\",\"stock_quantity\":0},{\"id\":\"25093-12\",\"attributes\":[{\"name\":\"Color\",\"option\":\"Olive\"},{\"name\":\"Size\",\"option\":\"8\"}],\"price\":3090,\"regular_price\":3090,\"sale_price\":null,\"stock_status\":\"outofstock\",\"stock_quantity\":0},{\"id\":\"25093-13\",\"attributes\":[{\"name\":\"Color\",\"option\":\"Tan\"},{\"name\":\"Size\",\"option\":\"3\"}],\"price\":3090,\"regular_price\":3090,\"sale_price\":null,\"stock_status\":\"outofstock\",\"stock_quantity\":0},{\"id\":\"25093-14\",\"attributes\":[{\"name\":\"Color\",\"option\":\"Tan\"},{\"name\":\"Size\",\"option\":\"4\"}],\"price\":3090,\"regular_price\":3090,\"sale_price\":null,\"stock_status\":\"outofstock\",\"stock_quantity\":0},{\"id\":\"25093-15\",\"attributes\":[{\"name\":\"Color\",\"option\":\"Tan\"},{\"name\":\"Size\",\"option\":\"5\"}],\"price\":3090,\"regular_price\":3090,\"sale_price\":null,\"stock_status\":\"outofstock\",\"stock_quantity\":0},{\"id\":\"25093-16\",\"attributes\":[{\"name\":\"Color\",\"option\":\"Tan\"},{\"name\":\"Size\",\"option\":\"6\"}],\"price\":3090,\"regular_price\":3090,\"sale_price\":null,\"stock_status\":\"outofstock\",\"stock_quantity\":0},{\"id\":\"25093-17\",\"attributes\":[{\"name\":\"Color\",\"option\":\"Tan\"},{\"name\":\"Size\",\"option\":\"7\"}],\"price\":3090,\"regular_price\":3090,\"sale_price\":null,\"stock_status\":\"outofstock\",\"stock_quantity\":0},{\"id\":\"25093-18\",\"attributes\":[{\"name\":\"Color\",\"option\":\"Tan\"},{\"name\":\"Size\",\"option\":\"8\"}],\"price\":3090,\"regular_price\":3090,\"sale_price\":null,\"stock_status\":\"outofstock\",\"stock_quantity\":0}]"}
Successfully updated product with variations data
================================================================================
4. Verification
================================================================================
Retrieved updated product
Verified variations_json is valid and contains 18 variations
Verified Black/Size 3 variation:
ID: 25093-1
Stock status: instock
Stock quantity: 1
Verified variations array exists and contains 18 variations
================================================================================
5. Summary
================================================================================
✅ Rebuild process completed
The product should now have properly defined variations with correct stock status information
Next steps:
1. Check the product page to verify variations display correctly
2. Verify that Black/Size 3 shows as in stock
3. Add additional variations to stock in WooCommerce if needed
